// Jest Snapshot v1, https://goo.gl/fbAQLP

exports[`close-process-view it renders CloseProcessView correctly for state!=ProcessClosed 1`] = `
<div>
  <h3
    class="lbh-heading-h3"
  >
    Next steps:
  </h3>
  <p
    class="lbh-body-s"
  >
    The applicant is not eligible for sole to joint tenure. 
    <br />
    This case will be closed once you have sent an outcome letter to the resident.
  </p>
  <form
    action="#"
    class="mtfh-breach-form"
    id="breach-form"
    novalidate=""
  >
    <div
      class="govuk-checkboxes__item"
    >
      <input
        class="govuk-checkboxes__input"
        id="condition"
        type="checkbox"
      />
      <label
        class="govuk-label govuk-checkboxes__label"
        for="condition"
      >
        I confirm that an outcome letter has been sent to the resident
      </label>
    </div>
    <button
      class="govuk-button lbh-button"
      disabled=""
      type="submit"
    >
      Confirm
    </button>
  </form>
</div>
`;

exports[`close-process-view it renders CloseProcessView correctly for state=ProcessClosed 1`] = `
<div>
  <h3
    class="lbh-heading-h3"
  >
    Thank you for confirmation
  </h3>
  <ul
    class="lbh-list lbh-list--bullet"
    style="margin-left: 1em;"
  >
    <li>
      <p
        class="lbh-body-s"
      >
        This case is now closed and we have record this on the system - that you have sent an outcome letter to the resident. The outcome can be viewed in the activity history
      </p>
    </li>
  </ul>
  <div
    style="margin-top: 1em;"
  >
    <a
      class="govuk-back-link lbh-back-link lbh-link--no-visited-state"
      href="/"
    >
      Return to home page
    </a>
  </div>
</div>
`;
