// Jest Snapshot v1, https://goo.gl/fbAQLP

exports[`tenure-investigation-view it renders ReviewApplication view correctly for ApplicationSubmitted state 1`] = `
<div>
  <div
    data-testid="soletojoint-ReviewApplication"
  >
    <div
      class="mtfh-box mtfh-box--success"
    >
      <div
        class="mtfh-status-heading"
      >
        <svg
          fill="none"
          height="45"
          viewBox="0 0 45 45"
          width="45"
          xmlns="http://www.w3.org/2000/svg"
        >
          <circle
            cx="22.5"
            cy="22.5"
            fill="white"
            r="21.75"
            stroke="#00664F"
            stroke-width="1.5"
          />
          <path
            clip-rule="evenodd"
            d="M35 15.5127L18.775 33L11 24.6201L14.2591 21.1074L18.775 25.9746L31.7409 12L35 15.5127Z"
            fill="#00664F"
            fill-rule="evenodd"
          />
        </svg>
        <h4
          class="lbh-heading-h4 mtfh-status-heading__title"
        >
          Eligibility checks passed
        </h4>
      </div>
      <button
        class="govuk-link lbh-link"
        style="margin-left: 60px; margin-top: 8px;"
      >
        Show all eligibility checks
      </button>
    </div>
    <div
      class="mtfh-box mtfh-box--success"
    >
      <div
        class="mtfh-status-heading"
      >
        <svg
          fill="none"
          height="45"
          viewBox="0 0 45 45"
          width="45"
          xmlns="http://www.w3.org/2000/svg"
        >
          <circle
            cx="22.5"
            cy="22.5"
            fill="white"
            r="21.75"
            stroke="#00664F"
            stroke-width="1.5"
          />
          <path
            clip-rule="evenodd"
            d="M35 15.5127L18.775 33L11 24.6201L14.2591 21.1074L18.775 25.9746L31.7409 12L35 15.5127Z"
            fill="#00664F"
            fill-rule="evenodd"
          />
        </svg>
        <h4
          class="lbh-heading-h4 mtfh-status-heading__title"
        >
          Supporting documents approved
        </h4>
      </div>
      <p
        class="lbh-body-m govuk-link lbh-link lbh-link--no-visited-state"
        style="margin-left: 60px; margin-top: 8px;"
      >
        <a
          class="govuk-link lbh-link lbh-link--no-visited-state"
          href="http://des/teams/1/dashboard/requests"
          target="_blank"
        >
          View documents on the Document Evidence Store
        </a>
      </p>
    </div>
    <div
      data-testid="soletojoint-tenure-investigation"
    >
      <p
        class="lbh-body-m"
      >
        Global Web Consultant Alverta Denesik
         contact details:
      </p>
      <p
        class="lbh-body-m"
      >
        Phone:
        <span
          style="margin-left: 1em;"
        >
          075949281
        </span>
      </p>
      <p
        class="lbh-body-m"
      >
        Email:
        <span
          style="margin-left: 1em;"
        >
          Gay.Jacobi@hotmail.com
        </span>
      </p>
      <p
        class="lbh-body-m"
      >
        If the contact details are not up to date, please
         
        <a
          class="govuk-link lbh-link lbh-link--no-visited-state"
          href="/processes/soletojoint/e63e68c7-84b0-3a48-b450-896e2c3d7735"
        >
          update the contact details,
           
        </a>
        it will automatically update the tenant’s contact details as well.
      </p>
      <form
        action="#"
        novalidate=""
        style="margin-top: 65px;"
      >
        <fieldset
          class="govuk-form-group lbh-form-group"
          id="tenure-investigation-recommendation"
        >
          <legend
            class="govuk-label lbh-label"
            for="tenure-investigation-recommendation-field"
          >
            What is the recommended outcome?
            <sup
              aria-hidden="true"
            >
              *
            </sup>
          </legend>
          <div
            class="govuk-radios lbh-radios"
            id="tenure-investigation-recommendation-field"
          >
            <div
              class="govuk-radios__item"
            >
              <input
                class="govuk-radios__input"
                id="tenure-investigation-recommendation-approve"
                name="tenureInvestigationRecommendation"
                required=""
                type="radio"
                value="Approve"
              />
              <label
                class="govuk-label govuk-radios__label"
                for="tenure-investigation-recommendation-approve"
              >
                Approve
              </label>
            </div>
            <div
              class="govuk-radios__item"
            >
              <input
                class="govuk-radios__input"
                id="tenure-investigation-recommendation-appointment"
                name="tenureInvestigationRecommendation"
                required=""
                type="radio"
                value="Appointment"
              />
              <label
                class="govuk-label govuk-radios__label"
                for="tenure-investigation-recommendation-appointment"
              >
                Appointment
              </label>
            </div>
            <div
              class="govuk-radios__item"
            >
              <input
                class="govuk-radios__input"
                id="tenure-investigation-recommendation-decline"
                name="tenureInvestigationRecommendation"
                required=""
                type="radio"
                value="Decline"
              />
              <label
                class="govuk-label govuk-radios__label"
                for="tenure-investigation-recommendation-decline"
              >
                Decline
              </label>
            </div>
          </div>
        </fieldset>
        <div
          class="govuk-form-group lbh-form-group"
          id="tenure-investigation-completed"
        >
          <label
            class="govuk-label lbh-label"
            for="tenure-investigation-completed-field"
          >
            
          </label>
          <div
            class="govuk-checkboxes__item"
          >
            <input
              class="govuk-checkboxes__input"
              id="tenure-investigation-completed-field"
              name="completed"
              type="checkbox"
              value="false"
            />
            <label
              class="govuk-label govuk-checkboxes__label"
              for="tenure-investigation-completed-field"
            >
              I confirm that the tenure investigation has been completed
            </label>
          </div>
        </div>
        <button
          class="govuk-button lbh-button"
          disabled=""
          style="margin-top: 65px; width: 222px;"
          type="submit"
        >
          Confirm
        </button>
      </form>
    </div>
  </div>
</div>
`;
