// Jest Snapshot v1, https://goo.gl/fbAQLP

exports[`check Eligibility View it renders CheckEligibility passed checks view correctly state=AutomatedChecksPassed 1`] = `
<div>
  <div
    data-testid="soletojoint-CheckEligibility"
  >
    <p
      class="lbh-body-m"
    >
      Manage My Home has used tenure, person and property information to automatically check eligibility for this application.
    </p>
    <h4
      class="lbh-heading-h4"
    >
      This is an automated check based on the data the system has. At this stage, the system does not have all the data required to make a decision, so these results are for guidance only and do not reflect accurate information.
    </h4>
    <div
      class="mtfh-box mtfh-box--success"
    >
      <h4
        class="lbh-heading-h4"
        style="margin-bottom: 0.5em;"
      >
        Passed automatic eligibility checks
      </h4>
      <div
        style="display: flex; align-items: center; margin: 0px 0px 0px -7px;"
      >
        <svg
          fill="none"
          height="32"
          viewBox="0 0 45 45"
          width="32"
          xmlns="http://www.w3.org/2000/svg"
        >
          <path
            clip-rule="evenodd"
            d="M35 15.5127L18.775 33L11 24.6201L14.2591 21.1074L18.775 25.9746L31.7409 12L35 15.5127Z"
            fill="#00664F"
            fill-rule="evenodd"
          />
        </svg>
        <p
          class="lbh-body-m"
          style="margin: 0px;"
        >
          Applicant is a named tenure holder on the tenure
        </p>
      </div>
      <div
        style="display: flex; align-items: center; margin: 0px 0px 0px -7px;"
      >
        <svg
          fill="none"
          height="32"
          viewBox="0 0 45 45"
          width="32"
          xmlns="http://www.w3.org/2000/svg"
        >
          <path
            clip-rule="evenodd"
            d="M35 15.5127L18.775 33L11 24.6201L14.2591 21.1074L18.775 25.9746L31.7409 12L35 15.5127Z"
            fill="#00664F"
            fill-rule="evenodd"
          />
        </svg>
        <p
          class="lbh-body-m"
          style="margin: 0px;"
        >
          Applicant is currently a sole tenant
        </p>
      </div>
      <div
        style="display: flex; align-items: center; margin: 0px 0px 0px -7px;"
      >
        <svg
          fill="none"
          height="32"
          viewBox="0 0 45 45"
          width="32"
          xmlns="http://www.w3.org/2000/svg"
        >
          <path
            clip-rule="evenodd"
            d="M35 15.5127L18.775 33L11 24.6201L14.2591 21.1074L18.775 25.9746L31.7409 12L35 15.5127Z"
            fill="#00664F"
            fill-rule="evenodd"
          />
        </svg>
        <p
          class="lbh-body-m"
          style="margin: 0px;"
        >
          Secure tenures can be changed from a sole to joint tenancy
        </p>
      </div>
      <div
        style="display: flex; align-items: center; margin: 0px 0px 0px -7px;"
      >
        <svg
          fill="none"
          height="32"
          viewBox="0 0 45 45"
          width="32"
          xmlns="http://www.w3.org/2000/svg"
        >
          <path
            clip-rule="evenodd"
            d="M35 15.5127L18.775 33L11 24.6201L14.2591 21.1074L18.775 25.9746L31.7409 12L35 15.5127Z"
            fill="#00664F"
            fill-rule="evenodd"
          />
        </svg>
        <p
          class="lbh-body-m"
          style="margin: 0px;"
        >
          Tenant's tenure is active
        </p>
      </div>
      <div
        style="display: flex; align-items: center; margin: 0px 0px 0px -7px;"
      >
        <svg
          fill="none"
          height="32"
          viewBox="0 0 45 45"
          width="32"
          xmlns="http://www.w3.org/2000/svg"
        >
          <path
            clip-rule="evenodd"
            d="M35 15.5127L18.775 33L11 24.6201L14.2591 21.1074L18.775 25.9746L31.7409 12L35 15.5127Z"
            fill="#00664F"
            fill-rule="evenodd"
          />
        </svg>
        <p
          class="lbh-body-m"
          style="margin: 0px;"
        >
          The proposed tenant is over 18 years of age
        </p>
      </div>
      <div
        style="display: flex; align-items: center; margin: 0px 0px 0px -7px;"
      >
        <svg
          fill="none"
          height="32"
          viewBox="0 0 45 45"
          width="32"
          xmlns="http://www.w3.org/2000/svg"
        >
          <path
            clip-rule="evenodd"
            d="M35 15.5127L18.775 33L11 24.6201L14.2591 21.1074L18.775 25.9746L31.7409 12L35 15.5127Z"
            fill="#00664F"
            fill-rule="evenodd"
          />
        </svg>
        <p
          class="lbh-body-m"
          style="margin: 0px;"
        >
          Proposed tenant is not a tenure holder or household member within the London Borough of Hackney
        </p>
      </div>
    </div>
    <div
      class="mtfh-center mtfh-center--horizontal mtfh-center--vertical"
    >
      <svg
        class="mtfh-icon"
        focusable="false"
        height="50"
        stroke="#00703c"
        viewBox="0 0 42 42"
        width="50"
      >
        <title>
          Loading...
        </title>
        <g
          fill="none"
          fill-rule="evenodd"
        >
          <g
            stroke-width="5"
            transform="translate(3 3)"
          >
            <circle
              cx="18"
              cy="18"
              r="18"
              stroke-opacity=".5"
            />
            <path
              d="M36 18c0-9.94-8.06-18-18-18"
              transform="rotate(112.708 18 18)"
            >
              <animatetransform
                attributeName="transform"
                dur="1s"
                from="0 18 18"
                repeatCount="indefinite"
                to="360 18 18"
                type="rotate"
              />
            </path>
          </g>
        </g>
      </svg>
    </div>
  </div>
</div>
`;
