// Jest Snapshot v1, https://goo.gl/fbAQLP

exports[`it renders legacy process list 1`] = `
<div>
  <ul
    class="mtfh-processes-menu__list"
  >
    <li>
      <a
        class="govuk-link lbh-link"
        href="https://docs.google.com/forms/d/e/1FAIpQLSdgJ9DSgGI0Aj7GO1bzLbbrArPabjS8DQwmvwb9ltB-qYYESA/viewform"
        rel="noopener noreferrer"
        target="_blank"
      >
        Changes to a tenancy
      </a>
    </li>
    <li>
      <a
        class="govuk-link lbh-link"
        href="https://docs.google.com/forms/d/e/1FAIpQLSfyXscVvgCBhbBBe7ADpV6cUqJoKrrTbU0YYRB_uXS2J4AHMQ/viewform"
        rel="noopener noreferrer"
        target="_blank"
      >
        Record a tenancy / audit homecheck
      </a>
    </li>
    <li>
      <a
        class="govuk-link lbh-link"
        href="https://docs.google.com/spreadsheets/d/1fd6FwBXvBo2DmX8qZaXUr7hX9sE6Zr7HZsPlA_OO8Hs/edit#gid=1251146140"
        rel="noopener noreferrer"
        target="_blank"
      >
        Find legal referral response
      </a>
    </li>
    <li>
      <a
        class="govuk-link lbh-link"
        href="https://docs.google.com/forms/d/e/1FAIpQLScpHsoJQgq112HIMbW06YAFpggijwQuODJM483HGbX_PMfCMw/viewform"
        rel="noopener noreferrer"
        target="_blank"
      >
        Request a legal referral
      </a>
    </li>
    <li>
      <a
        class="govuk-link lbh-link"
        href="https://docs.google.com/forms/d/e/1FAIpQLSfRSMia4FeT6WPjrmRlsLpOXyJ4tFs3Sv_O0toxUbv_FmIjKw/viewform"
        rel="noopener noreferrer"
        target="_blank"
      >
        Record notice served
      </a>
    </li>
    <li>
      <a
        class="govuk-link lbh-link"
        href="https://docs.google.com/forms/d/e/1FAIpQLScPXSs4-xxTH2N5dUwtfmEl5mpu7kxZ6mHe86Qy_rlDNu-GbA/viewform"
        rel="noopener noreferrer"
        target="_blank"
      >
        Rehousing
      </a>
    </li>
    <li>
      <a
        class="govuk-link lbh-link"
        href="https://docs.google.com/forms/d/e/1FAIpQLScxrWFLF7M7A3B1yzY-LZFXkV0P0qv6igcQ4wEgWHQk8DaUCw/viewform"
        rel="noopener noreferrer"
        target="_blank"
      >
        Person
      </a>
    </li>
    <li>
      <a
        class="govuk-link lbh-link"
        href="https://docs.google.com/forms/d/e/1FAIpQLSceU2H-VWi2ewaEiOAkOWULVFU2DoPSen8SRPyJrmQtRpEhfQ/viewform?gxids=7628"
        rel="noopener noreferrer"
        target="_blank"
      >
        Report Japanese knotweed
      </a>
    </li>
    <li>
      <a
        class="govuk-link lbh-link"
        href="https://docs.google.com/forms/d/e/1FAIpQLSfLmlLraDyOfqYhdjkOfkNWWlHUUep05G5n0GN-ewizN0Fbuw/viewform?gxids=7628"
        rel="noopener noreferrer"
        target="_blank"
      >
        Report overgrown tree
      </a>
    </li>
    <li>
      <a
        class="govuk-link lbh-link"
        href="https://docs.google.com/forms/d/e/1FAIpQLSc3mOUUEQhdRiDsS0k9XDWlfGJG0CEFAC2rnC1sYmM-idt-Nw/viewform?gxids=7628"
        rel="noopener noreferrer"
        target="_blank"
      >
        Report overgrown garden
      </a>
    </li>
  </ul>
</div>
`;
