// Jest Snapshot v1, https://goo.gl/fbAQLP

exports[`tenure-update-form-component it renders tenure update form correctly 1`] = `
<div>
  <h3
    class="lbh-heading-h3"
  >
    Next Steps:
  </h3>
  <p
    class="lbh-body-m"
  >
    As part of the tenure creation process,
  </p>
  <ul
    class="lbh-list lbh-list--bullet"
    style="margin-left: 1em;"
  >
    <li>
      <p
        class="lbh-body-m"
      >
        a Tenancy Termination is completed by the tenant.
      </p>
    </li>
    <li>
      <p
        class="lbh-body-m"
      >
        a new secure tenancy is signed by both joint tenants.
      </p>
    </li>
    <li>
      <p
        class="lbh-body-m"
      >
        both tenants understand and are provided with a copy "Your Tenancy Conditions".
      </p>
    </li>
    <li>
      <p
        class="lbh-body-m"
      >
        a photograph is taken of the new tenant.
      </p>
    </li>
  </ul>
  <form
    action="#"
    class="request-tenure-update-form"
    id="request-tenure-update-form"
    novalidate=""
  >
    <div
      class="govuk-form-group lbh-form-group"
      id="tenure-update-form-date-form-group"
    >
      <label
        class="govuk-label lbh-label"
        for="tenure-update-form-date-form-group-field"
      >
        
      </label>
      <div
        class="govuk-form-group lbh-form-group"
        id="tenure-update-form-date-field-form-group"
        style="display: flex; flex-wrap: wrap; align-items: flex-end; margin-top: 0px;"
      >
        <label
          class="govuk-label lbh-label"
          for="tenure-update-form-date-field-form-group-field"
        >
          
        </label>
        <fieldset
          class="govuk-form-group lbh-form-group mtfh-tenure-update-form__date"
          id="tenure-update-form-date"
          style="flex: 1 1 280px;"
        >
          <legend
            class="govuk-label lbh-label"
            for="tenure-update-form-date-field"
          >
            Set the new tenure start date
            <sup
              aria-hidden="true"
            >
              *
            </sup>
          </legend>
          <div
            class="govuk-date-input lbh-date-input"
          >
            <div
              class="govuk-date-input__item"
            >
              <label
                class="govuk-label lbh-label"
                for="tenure-update-form-date-field-day"
              />
              <input
                aria-label="Day"
                aria-valuemax="31"
                aria-valuemin="1"
                class="govuk-input lbh-input govuk-date-input__input govuk-input--width-2"
                name="day"
                placeholder="dd"
                required=""
                role="spinbutton"
                value=""
              />
            </div>
            <div
              class="govuk-date-input__item"
            >
              <label
                class="govuk-label lbh-label"
                for="tenure-update-form-date-field-month"
              />
              <input
                aria-label="Month"
                aria-valuemax="12"
                aria-valuemin="1"
                class="govuk-input lbh-input govuk-date-input__input govuk-input--width-2"
                name="month"
                placeholder="mm"
                required=""
                role="spinbutton"
                value=""
              />
            </div>
            <div
              class="govuk-date-input__item"
            >
              <label
                class="govuk-label lbh-label"
                for="tenure-update-form-date-field-year"
              />
              <input
                aria-label="Year"
                class="govuk-input lbh-input govuk-input govuk-date-input__input govuk-input--width-4"
                name="year"
                placeholder="yyyy"
                required=""
                role="spinbutton"
                value=""
              />
            </div>
          </div>
        </fieldset>
      </div>
    </div>
    <div
      class="govuk-checkboxes__item"
    >
      <input
        class="govuk-checkboxes__input"
        id="condition"
        name="hasNotifiedResident"
        type="checkbox"
        value=""
      />
      <label
        class="govuk-label govuk-checkboxes__label"
        for="condition"
      >
        I confirm I have completed the tasks above
      </label>
    </div>
    <button
      class="govuk-button lbh-button"
      disabled=""
      style="width: 245px;"
      type="submit"
    >
      Confirm
    </button>
  </form>
</div>
`;
